// Vitest Snapshot v1, https://vitest.dev/guide/snapshot.html

exports[`TableBody > Should render correctly 1`] = `"<tbody></tbody>"`;
